[
  {
    "control": "huygens_pupil",
    "before": "huygens_x_w9_p512_i128",
    "after": "huygens_x_w9_p1024_i128",
    "common_threshold_support_mm": {
      "x": [
        -0.384,
        0.384
      ]
    },
    "axes": {
      "x": {
        "native_max_pitch_ratio": 1.0,
        "d1e2_change_percent": 0.11509644013869558,
        "fwhm_change_percent": 0.10623098318489621
      }
    }
  },
  {
    "control": "huygens_image",
    "before": "huygens_x_w9_p512_i128",
    "after": "huygens_x_w9_p512_i256",
    "common_threshold_support_mm": {
      "x": [
        -0.384,
        0.384
      ]
    },
    "axes": {
      "x": {
        "native_max_pitch_ratio": 0.5,
        "d1e2_change_percent": -0.17964246756335678,
        "fwhm_change_percent": 0.021112226115804766
      }
    }
  },
  {
    "control": "huygens_image_at_finer_pupil",
    "before": "huygens_x_w9_p1024_i128",
    "after": "huygens_x_w9_p1024_i256",
    "common_threshold_support_mm": {
      "x": [
        -0.384,
        0.384
      ]
    },
    "axes": {
      "x": {
        "native_max_pitch_ratio": 0.5,
        "d1e2_change_percent": -0.15486061374746507,
        "fwhm_change_percent": 0.026396972740161395
      }
    }
  },
  {
    "control": "pop_sampling_fixed_window",
    "before": "pop_w9_n2048",
    "after": "pop_w9_n4096",
    "common_threshold_support_mm": {
      "x": [
        -8.830209285333915,
        8.821705959872915
      ],
      "y": [
        -1.0791042780082496,
        1.078050465236757
      ]
    },
    "axes": {
      "x": {
        "native_max_pitch_ratio": 0.49999320280052745,
        "d1e2_change_percent": 0.19717763210120864,
        "fwhm_change_percent": 0.281085973801809
      },
      "y": {
        "native_max_pitch_ratio": 1.0000267776361833,
        "d1e2_change_percent": 0.03268054928013964,
        "fwhm_change_percent": 0.0010697528179726135
      }
    }
  },
  {
    "control": "pop_last_window_double",
    "before": "pop_w9_n2048",
    "after": "pop_w9_n2048_s24_128",
    "common_threshold_support_mm": {
      "x": [
        -8.830329328357639,
        8.821705959872915
      ],
      "y": [
        -0.5394679740378447,
        0.5389411498444485
      ]
    },
    "axes": {
      "x": {
        "native_max_pitch_ratio": 2.0001561643723487,
        "d1e2_change_percent": 0.4338088315965827,
        "fwhm_change_percent": -0.3250335611531652
      },
      "y": {
        "native_max_pitch_ratio": 0.4999220047886697,
        "d1e2_change_percent": -0.0807524185100994,
        "fwhm_change_percent": -0.08499079595898351
      }
    }
  },
  {
    "control": "pop_last_window_half",
    "before": "pop_w9_n2048",
    "after": "pop_w9_n2048_s24_32",
    "common_threshold_support_mm": {
      "x": [
        -4.415078505711437,
        4.410766905608202
      ],
      "y": [
        -1.0791042780082496,
        1.078050465236757
      ]
    },
    "axes": {
      "x": {
        "native_max_pitch_ratio": 0.49999024289294947,
        "d1e2_change_percent": -0.02145100093119412,
        "fwhm_change_percent": 0.04103163284925326
      },
      "y": {
        "native_max_pitch_ratio": 2.0000779590752624,
        "d1e2_change_percent": 0.21330970645585534,
        "fwhm_change_percent": -0.29117313121342914
      }
    }
  },
  {
    "control": "pop_sampling_wider_last_window",
    "before": "pop_w9_n2048_s24_128",
    "after": "pop_w9_n4096_s24_128",
    "common_threshold_support_mm": {
      "x": [
        -17.661083440086422,
        17.644789555922912
      ],
      "y": [
        -0.5394679740378447,
        0.5389411498444485
      ]
    },
    "axes": {
      "x": {
        "native_max_pitch_ratio": 0.49997298727685346,
        "d1e2_change_percent": -0.3185113995392008,
        "fwhm_change_percent": 0.26305258015748567
      },
      "y": {
        "native_max_pitch_ratio": 1.000107582031592,
        "d1e2_change_percent": -0.2141810200107397,
        "fwhm_change_percent": -0.25332982613930355
      }
    }
  }
]
