{
  "schema": "1",
  "action": "audit",
  "status": "requirements_met",
  "source": {
    "path": "C:\\Users\\erict\\OneDrive\\Desktop\\Projects\\optical-design-next\\docs\\research\\next-roadmap\\diagnostic-manager\\bb24339ffc43430b95b363ffb0429fde\\inputs\\model.zmx",
    "sha256": "14a5247775762153d89339de1a99b6f676e134a069d9a7ff1a318760c416cdb2"
  },
  "spec": {
    "schema": "1",
    "name": "Synthetic two-variable singlet optimization",
    "fields": [
      1
    ],
    "wavelengths": [
      1
    ],
    "frequencies_cyc_per_mm": [
      20
    ],
    "requirements": [
      {
        "id": "focal-length",
        "metric": "efl_mm",
        "unit": "mm",
        "min": 48,
        "max": 51
      },
      {
        "id": "track",
        "metric": "total_track_mm",
        "unit": "mm",
        "max": 65
      },
      {
        "id": "contrast",
        "metric": "mtf",
        "field": 1,
        "wavelength": 1,
        "frequency": 20,
        "axis": "tangential",
        "unit": "1",
        "min": 0.3
      },
      {
        "id": "spot",
        "metric": "rms_spot_um",
        "field": 1,
        "wavelength": 1,
        "unit": "um",
        "max": 30
      }
    ],
    "objective": {
      "metric": "rms_spot_um",
      "field": 1,
      "wavelength": 1,
      "direction": "minimize"
    },
    "budget": {
      "max_evaluations": 81,
      "timeout_s": 600
    },
    "analysis": {
      "sampling": 64,
      "use_polarization": false
    },
    "minimum_gain": 0.001
  },
  "python_version": "3.11.15",
  "baseline": {
    "inspection": {
      "engine": {
        "name": "OpticStudio",
        "version": "24.1.0",
        "zospy_version": "2.1.5",
        "pythonnet_version": "3.1.0",
        "license": "PremiumEdition"
      },
      "focus_mm": 47.5042724609375,
      "image_surface": 3,
      "surfaces": [
        {
          "index": 0,
          "is_image": false,
          "is_stop": false,
          "type": "Standard",
          "radius_mm": "Infinity",
          "thickness_mm": "Infinity",
          "material": "",
          "conic": 0.0,
          "coating": "",
          "tilts": [
            0.0,
            0.0,
            0.0,
            0.0,
            0.0,
            0.0,
            0.0,
            0.0,
            0.0,
            0.0
          ],
          "aperture": "None",
          "semi_diameter_solve": "Automatic"
        },
        {
          "index": 1,
          "is_image": false,
          "is_stop": true,
          "type": "Standard",
          "radius_mm": 51.462890625,
          "thickness_mm": 5.0,
          "material": "N-BK7",
          "conic": 0.0,
          "coating": "",
          "tilts": [
            0.0,
            0.0,
            0.0,
            0.0,
            0.0,
            0.0,
            0.0,
            0.0,
            0.0,
            0.0
          ],
          "aperture": "None",
          "semi_diameter_solve": "Automatic"
        },
        {
          "index": 2,
          "is_image": false,
          "is_stop": false,
          "type": "Standard",
          "radius_mm": -50.0,
          "thickness_mm": 47.5042724609375,
          "material": "",
          "conic": 0.0,
          "coating": "",
          "tilts": [
            0.0,
            0.0,
            0.0,
            0.0,
            0.0,
            0.0,
            0.0,
            0.0,
            0.0,
            0.0
          ],
          "aperture": "None",
          "semi_diameter_solve": "Automatic"
        },
        {
          "index": 3,
          "is_image": true,
          "is_stop": false,
          "type": "Standard",
          "radius_mm": "Infinity",
          "thickness_mm": "Infinity",
          "material": "",
          "conic": 0.0,
          "coating": "",
          "tilts": [
            0.0,
            0.0,
            0.0,
            0.0,
            0.0,
            0.0,
            0.0,
            0.0,
            0.0,
            0.0
          ],
          "aperture": "None",
          "semi_diameter_solve": "Automatic"
        }
      ],
      "invariants": {
        "surfaces": [
          {
            "index": 0,
            "is_image": false,
            "is_stop": false,
            "type": "Standard",
            "radius_mm": "Infinity",
            "thickness_mm": "Infinity",
            "material": "",
            "conic": 0.0,
            "coating": "",
            "tilts": [
              0.0,
              0.0,
              0.0,
              0.0,
              0.0,
              0.0,
              0.0,
              0.0,
              0.0,
              0.0
            ],
            "aperture": "None",
            "semi_diameter_solve": "Automatic"
          },
          {
            "index": 1,
            "is_image": false,
            "is_stop": true,
            "type": "Standard",
            "radius_mm": 51.462890625,
            "thickness_mm": 5.0,
            "material": "N-BK7",
            "conic": 0.0,
            "coating": "",
            "tilts": [
              0.0,
              0.0,
              0.0,
              0.0,
              0.0,
              0.0,
              0.0,
              0.0,
              0.0,
              0.0
            ],
            "aperture": "None",
            "semi_diameter_solve": "Automatic"
          },
          {
            "index": 2,
            "is_image": false,
            "is_stop": false,
            "type": "Standard",
            "radius_mm": -50.0,
            "material": "",
            "conic": 0.0,
            "coating": "",
            "tilts": [
              0.0,
              0.0,
              0.0,
              0.0,
              0.0,
              0.0,
              0.0,
              0.0,
              0.0,
              0.0
            ],
            "aperture": "None",
            "semi_diameter_solve": "Automatic"
          },
          {
            "index": 3,
            "is_image": true,
            "is_stop": false,
            "type": "Standard",
            "radius_mm": "Infinity",
            "thickness_mm": "Infinity",
            "material": "",
            "conic": 0.0,
            "coating": "",
            "tilts": [
              0.0,
              0.0,
              0.0,
              0.0,
              0.0,
              0.0,
              0.0,
              0.0,
              0.0,
              0.0
            ],
            "aperture": "None",
            "semi_diameter_solve": "Automatic"
          }
        ],
        "fields": [
          {
            "index": 1,
            "x_deg": 0.0,
            "y_deg": 0.0,
            "weight": 1.0
          }
        ],
        "wavelengths": [
          {
            "index": 1,
            "um": 0.55,
            "weight": 1.0,
            "primary": true
          }
        ],
        "aperture_type": "EntrancePupilDiameter",
        "aperture_mm": 10.0,
        "lens_units": "mm"
      },
      "limits": [
        "Sequential centered spherical refractive systems; angle fields; mm; EPD.",
        "Geometric centroid RMS spot and scalar FFT MTF are distinct metrics.",
        "A sparse pupil ray check detects gross failures; it is not a full vignetting analysis."
      ]
    },
    "measurements": [
      {
        "metric": "efl_mm",
        "unit": "mm",
        "value": 49.746156892880165,
        "settings": {
          "wavelength": 1,
          "wavelength_um": 0.55
        }
      },
      {
        "metric": "f_number",
        "unit": "1",
        "value": 4.974616,
        "settings": {
          "wavelength": 1,
          "wavelength_um": 0.55
        }
      },
      {
        "metric": "total_track_mm",
        "unit": "mm",
        "value": 52.50427
      },
      {
        "metric": "image_distance_mm",
        "unit": "mm",
        "value": 47.5042724609375
      },
      {
        "metric": "rms_spot_um",
        "field": 1,
        "wavelength": 1,
        "unit": "um",
        "value": 15.58766469887371,
        "settings": {
          "reference": "centroid",
          "ray_density": 8,
          "native_analysis": "StandardSpot",
          "ray_check_count": 17
        }
      },
      {
        "metric": "mtf",
        "field": 1,
        "wavelength": 1,
        "frequency": 20,
        "axis": "tangential",
        "unit": "1",
        "value": 0.4098161783993506,
        "settings": {
          "analysis": "FFTMTF",
          "sampling": 64,
          "polarization": false,
          "frequency_interpolation": "linear; no extrapolation"
        }
      },
      {
        "metric": "mtf",
        "field": 1,
        "wavelength": 1,
        "frequency": 20,
        "axis": "sagittal",
        "unit": "1",
        "value": 0.4098161783993506,
        "settings": {
          "analysis": "FFTMTF",
          "sampling": 64,
          "polarization": false,
          "frequency_interpolation": "linear; no extrapolation"
        }
      }
    ],
    "assessment": {
      "passes": true,
      "requirements": [
        {
          "id": "focal-length",
          "key": "efl_mm",
          "requirement": {
            "id": "focal-length",
            "metric": "efl_mm",
            "unit": "mm",
            "min": 48,
            "max": 51
          },
          "status": "pass",
          "value": 49.746156892880165,
          "unit": "mm"
        },
        {
          "id": "track",
          "key": "total_track_mm",
          "requirement": {
            "id": "track",
            "metric": "total_track_mm",
            "unit": "mm",
            "max": 65
          },
          "status": "pass",
          "value": 52.50427,
          "unit": "mm"
        },
        {
          "id": "contrast",
          "key": "mtf|f=1|w=1|nu=20|axis=tangential",
          "requirement": {
            "id": "contrast",
            "metric": "mtf",
            "field": 1,
            "wavelength": 1,
            "frequency": 20,
            "axis": "tangential",
            "unit": "1",
            "min": 0.3
          },
          "status": "pass",
          "value": 0.4098161783993506,
          "unit": "1"
        },
        {
          "id": "spot",
          "key": "rms_spot_um|f=1|w=1",
          "requirement": {
            "id": "spot",
            "metric": "rms_spot_um",
            "field": 1,
            "wavelength": 1,
            "unit": "um",
            "max": 30
          },
          "status": "pass",
          "value": 15.58766469887371,
          "unit": "um"
        }
      ]
    }
  },
  "candidate": null,
  "history": [
    {
      "focus_mm": 47.5042724609375,
      "assessment": {
        "passes": true,
        "requirements": [
          {
            "id": "focal-length",
            "key": "efl_mm",
            "requirement": {
              "id": "focal-length",
              "metric": "efl_mm",
              "unit": "mm",
              "min": 48,
              "max": 51
            },
            "status": "pass",
            "value": 49.746156892880165,
            "unit": "mm"
          },
          {
            "id": "track",
            "key": "total_track_mm",
            "requirement": {
              "id": "track",
              "metric": "total_track_mm",
              "unit": "mm",
              "max": 65
            },
            "status": "pass",
            "value": 52.50427,
            "unit": "mm"
          },
          {
            "id": "contrast",
            "key": "mtf|f=1|w=1|nu=20|axis=tangential",
            "requirement": {
              "id": "contrast",
              "metric": "mtf",
              "field": 1,
              "wavelength": 1,
              "frequency": 20,
              "axis": "tangential",
              "unit": "1",
              "min": 0.3
            },
            "status": "pass",
            "value": 0.4098161783993506,
            "unit": "1"
          },
          {
            "id": "spot",
            "key": "rms_spot_um|f=1|w=1",
            "requirement": {
              "id": "spot",
              "metric": "rms_spot_um",
              "field": 1,
              "wavelength": 1,
              "unit": "um",
              "max": 30
            },
            "status": "pass",
            "value": 15.58766469887371,
            "unit": "um"
          }
        ]
      },
      "measurements": [
        {
          "metric": "efl_mm",
          "unit": "mm",
          "value": 49.746156892880165,
          "settings": {
            "wavelength": 1,
            "wavelength_um": 0.55
          }
        },
        {
          "metric": "f_number",
          "unit": "1",
          "value": 4.974616,
          "settings": {
            "wavelength": 1,
            "wavelength_um": 0.55
          }
        },
        {
          "metric": "total_track_mm",
          "unit": "mm",
          "value": 52.50427
        },
        {
          "metric": "image_distance_mm",
          "unit": "mm",
          "value": 47.5042724609375
        },
        {
          "metric": "rms_spot_um",
          "field": 1,
          "wavelength": 1,
          "unit": "um",
          "value": 15.58766469887371,
          "settings": {
            "reference": "centroid",
            "ray_density": 8,
            "native_analysis": "StandardSpot",
            "ray_check_count": 17
          }
        },
        {
          "metric": "mtf",
          "field": 1,
          "wavelength": 1,
          "frequency": 20,
          "axis": "tangential",
          "unit": "1",
          "value": 0.4098161783993506,
          "settings": {
            "analysis": "FFTMTF",
            "sampling": 64,
            "polarization": false,
            "frequency_interpolation": "linear; no extrapolation"
          }
        },
        {
          "metric": "mtf",
          "field": 1,
          "wavelength": 1,
          "frequency": 20,
          "axis": "sagittal",
          "unit": "1",
          "value": 0.4098161783993506,
          "settings": {
            "analysis": "FFTMTF",
            "sampling": 64,
            "polarization": false,
            "frequency_interpolation": "linear; no extrapolation"
          }
        }
      ]
    }
  ],
  "evaluations": 1,
  "source_unchanged": true,
  "saved_candidate_verified": false,
  "artifacts": {
    "baseline_model": "C:\\Users\\erict\\OneDrive\\Desktop\\Projects\\optical-design-next\\docs\\research\\next-roadmap\\diagnostic-manager\\bb24339ffc43430b95b363ffb0429fde\\output\\baseline-model.zmx",
    "baseline_sha256": "14a5247775762153d89339de1a99b6f676e134a069d9a7ff1a318760c416cdb2"
  },
  "baseline_restored": true,
  "spec_sha256": "42055f8cd63d9d746a3e58bb651825bf1d10621ffbe5b6f229d9a70aee3c0288",
  "time_budget_policy": "cooperative_between_native_calls"
}
